// Jest Snapshot v1, https://goo.gl/fbAQLP

exports[`about renders properly 1`] = `
"<div class=\\"container\\"><div class=\\"about\\"><div class=\\"row\\"><div class=\\"col-lg-12 $text-center\\"><h1 class=\\"mt-5\\">About Pocket Pasta</h1> <p class=\\"lead\\">
          PocketPasta is a collection of my demo apps that I build to practice
          my skills.
        </p></div></div> <div class=\\"row\\"><div class=\\"card bg-light card-body mb-3 profile\\"><h2>We are all about the spathetti here</h2> <p>
          We eat
          <a href=\\"https://knowyourmeme.com/memes/spaghetti-stories\\">spagetti</a>
          to forgetti the regretti
        </p></div></div> <div class=\\"row\\"><profile-stub></profile-stub></div></div></div>"
`;
