// Jest Snapshot v1, https://goo.gl/fbAQLP

exports[`AddToHomeScreen renders properly 1`] = `"<v-btn icon=\\"\\" aria-label=\\"get app\\" class=\\"d-none\\"><v-icon>get_app</v-icon></v-btn>"`;
