// Jest Snapshot v1, https://goo.gl/fbAQLP

exports[`damien renders properly 1`] = `"<div class=\\"row\\"><profile-stub></profile-stub></div>"`;
