// Jest Snapshot v1, https://goo.gl/fbAQLP

exports[`KeyValue renders properly 1`] = `"<p><strong>Job Title:</strong> <span>Full Stack Web Developer</span></p>"`;
