// Jest Snapshot v1, https://goo.gl/fbAQLP

exports[`newsletter renders properly 1`] = `
"<div class=\\"container\\"><div id=\\"mc_embed_signup\\"><form id=\\"mc-embedded-subscribe-form\\" action=\\"https://pocketpasta.us16.list-manage.com/subscribe/post?u=7f69c361c7f5d97725d2e339b&amp;id=c821016b08\\" method=\\"post\\" name=\\"mc-embedded-subscribe-form\\" target=\\"_blank\\" novalidate=\\"novalidate\\" class=\\"validate\\"><div id=\\"mc_embed_signup_scroll\\"><h1>newsletter.heading</h1> <div class=\\"indicates-required\\"><span class=\\"asterisk\\">*</span> newsletter.required
        </div> <div class=\\"mc-field-group\\"><label for=\\"mce-EMAIL\\">
            newsletter.email
            <span class=\\"asterisk\\">*</span></label> <input id=\\"mce-EMAIL\\" type=\\"email\\" name=\\"EMAIL\\" class=\\"required email\\"></div> <div class=\\"mc-field-group\\"><label for=\\"mce-FNAME\\">newsletter.firstname</label> <input id=\\"mce-FNAME\\" type=\\"text\\" name=\\"FNAME\\"></div> <div class=\\"mc-field-group\\"><label for=\\"mce-LNAME\\">newsletter.lastname</label> <input id=\\"mce-LNAME\\" type=\\"text\\" name=\\"LNAME\\"></div> <div id=\\"mce-responses\\" class=\\"clear\\"><div id=\\"mce-error-response\\" class=\\"response\\" style=\\"display: none;\\"></div> <div id=\\"mce-success-response\\" class=\\"response\\" style=\\"display: none;\\"></div></div> <div aria-hidden=\\"true\\" style=\\"position: absolute; left: -5000px;\\"><input type=\\"text\\" name=\\"b_7f69c361c7f5d97725d2e339b_c821016b08\\" tabindex=\\"-1\\" value=\\"\\"></div> <div class=\\"clear\\"><input id=\\"mc-embedded-subscribe\\" type=\\"submit\\" name=\\"subscribe\\" class=\\"button\\" value=\\"newsletter.submit\\"></div></div></form></div></div>"
`;
