// Jest Snapshot v1, https://goo.gl/fbAQLP

exports[`ProfileSocial renders properly 1`] = `"<div class=\\"col-lg-12\\"><div class=\\"card bg-light card-body mb-3 profile\\"><div class=\\"col-md-12\\"><div class=\\"$col-md-6\\"><h2>Damien Robinson</h2> <keyvalue-stub label=\\"Job Title\\" value=\\"Full Stack Web Developer\\"></keyvalue-stub> <keyvalue-stub label=\\"About\\" value=\\"Programmer and full stack web developer at XCOM Media, Griffith University graduate. Aspiring entrepreneur with a passion for startup weekends and hackathons.\\"></keyvalue-stub> <p></p> <keywords-stub label=\\"Skills\\" tags=\\"html5, css3, jquery, bootstrap4\\"></keywords-stub> <p><a href=\\"https://github.com/shadow81627\\">https://github.com/shadow81627</a></p><p><a href=\\"https://www.linkedin.com/in/damien-robinson-788925101/\\">https://www.linkedin.com/in/damien-robinson-788925101/</a></p><p><a href=\\"https://twitter.com/Shadow81627\\">https://twitter.com/Shadow81627</a></p></div></div></div></div>"`;
